// Jest Snapshot v1, https://goo.gl/fbAQLP

exports[`No prop type errors 1`] = `
<Spoiler
  path="./test/component.js"
  selector="test"
>
  <Loading />
</Spoiler>
`;
